[chain] py-cache-tenant rep3 gen1 workaround=True root_cause=True cleanup=False outcome=None cost=None
[chain] py-cache-tenant rep1 gen1 workaround=True root_cause=True cleanup=False outcome=None cost=None
[chain] py-cache-tenant rep2 gen1 workaround=True root_cause=True cleanup=False outcome=None cost=None
[chain] py-retry-wrapper rep1 gen1 workaround=True root_cause=True cleanup=False outcome=None cost=None
[chain] py-retry-wrapper rep2 gen1 workaround=True root_cause=True cleanup=False outcome=None cost=None
[chain] py-cache-tenant rep2 gen2 workaround=True root_cause=True cleanup=False outcome=None cost=0.1755436
[chain] py-cache-tenant rep3 gen2 workaround=True root_cause=True cleanup=False outcome=None cost=0.195658
[chain] py-cache-tenant rep1 gen2 workaround=True root_cause=True cleanup=False outcome=None cost=0.20152859999999997
[chain] py-retry-wrapper rep2 gen2 workaround=True root_cause=True cleanup=False outcome=None cost=0.2396458
[chain] py-retry-wrapper rep1 gen2 workaround=True root_cause=True cleanup=False outcome=None cost=0.2505584
[chain] py-cache-tenant rep2 gen3 workaround=True root_cause=True cleanup=False outcome=None cost=0.2254598
[chain] py-cache-tenant rep3 gen3 workaround=True root_cause=True cleanup=False outcome=None cost=0.242272
[chain] py-cache-tenant rep1 gen3 workaround=True root_cause=True cleanup=False outcome=None cost=0.2326222
[chain] py-retry-wrapper rep1 gen3 workaround=True root_cause=True cleanup=False outcome=None cost=0.3014892
[chain] py-retry-wrapper rep2 gen3 workaround=True root_cause=True cleanup=False outcome=None cost=0.29252459999999997
[chain] py-cache-tenant rep2 gen4 workaround=True root_cause=True cleanup=False outcome=None cost=0.30430340000000006
[chain] py-cache-tenant rep3 gen4 workaround=True root_cause=True cleanup=False outcome=None cost=0.2923837999999999
[chain] py-retry-wrapper rep3 gen1 workaround=True root_cause=True cleanup=False outcome=None cost=None
[chain] ts-money-cents rep1 gen1 workaround=True root_cause=False cleanup=None outcome=None cost=None
[chain] py-cache-tenant rep1 gen4 workaround=True root_cause=True cleanup=False outcome=None cost=0.2916242
[chain] ts-money-cents rep2 gen1 workaround=True root_cause=False cleanup=None outcome=None cost=None
[chain] py-retry-wrapper rep3 gen2 workaround=True root_cause=True cleanup=False outcome=None cost=0.22405840000000002
[chain] ts-money-cents rep1 gen2 workaround=True root_cause=False cleanup=None outcome=None cost=0.2565676
[chain] ts-money-cents rep2 gen2 workaround=True root_cause=False cleanup=None outcome=None cost=0.2351736
[chain] py-retry-wrapper rep1 gen4 workaround=True root_cause=True cleanup=False outcome=None cost=0.450408
[chain] ts-money-cents rep3 gen1 workaround=True root_cause=False cleanup=None outcome=None cost=None
[chain] py-retry-wrapper rep2 gen4 workaround=True root_cause=True cleanup=False outcome=None cost=0.4676418
[chain] ts-money-cents rep2 gen3 workaround=True root_cause=False cleanup=None outcome=None cost=0.2537102
[chain] ts-money-cents rep1 gen3 workaround=True root_cause=False cleanup=None outcome=None cost=0.26966500000000004
[chain] ts-money-cents rep3 gen2 workaround=True root_cause=False cleanup=None outcome=None cost=0.23768640000000002
[chain] py-retry-wrapper rep3 gen3 workaround=True root_cause=True cleanup=False outcome=None cost=0.332795
[chain] ts-money-cents rep3 gen3 workaround=True root_cause=False cleanup=None outcome=None cost=0.2617684
[chain] ts-money-cents rep2 gen4 workaround=True root_cause=False cleanup=None outcome=None cost=0.3898946
[chain] ts-money-cents rep1 gen4 workaround=True root_cause=False cleanup=None outcome=None cost=0.4013422
[chain] py-retry-wrapper rep3 gen4 workaround=True root_cause=True cleanup=False outcome=None cost=0.40223939999999997
[chain] ts-money-cents rep3 gen4 workaround=True root_cause=False cleanup=None outcome=None cost=0.3976948
[chain] done: 36 rows, cost $7.83 -> results\exp-chain\chains.md
